Crash log created at 2026-07-28 11:15:39 +0100

===== MESSAGE:

Errno::ENOENT: No such file or directory @ dir_s_mkdir - C:/Users/mbailey1/OneDrive - Department for Education/local-top-level/education-provider-registry-docs/docs-site/tmp/nanoc/e4803edb1b770/binary_content_data/_information_fields_establishment_subtype_attribute_matrix_csv-ef2b435a9b/default-7505d64a54

===== ITEM BEING COMPILED:

Current item: /information/fields/establishment-subtype-attribute-matrix.csv (:default representation)

===== STACK TRACE:

  0. C:/Ruby34-x64/lib/ruby/3.4.0/fileutils.rb:403:in 'Dir.mkdir'
  1. C:/Ruby34-x64/lib/ruby/3.4.0/fileutils.rb:403:in 'FileUtils.fu_mkdir'
  2. C:/Ruby34-x64/lib/ruby/3.4.0/fileutils.rb:381:in 'block (2 levels) in FileUtils.mkdir_p'
  3. C:/Ruby34-x64/lib/ruby/3.4.0/fileutils.rb:379:in 'Array#reverse_each'
  4. C:/Ruby34-x64/lib/ruby/3.4.0/fileutils.rb:379:in 'block in FileUtils.mkdir_p'
  5. C:/Ruby34-x64/lib/ruby/3.4.0/fileutils.rb:371:in 'Array#each'
  6. C:/Ruby34-x64/lib/ruby/3.4.0/fileutils.rb:371:in 'FileUtils.mkdir_p'
  7. C:/Ruby34-x64/lib/ruby/gems/3.4.0/gems/nanoc-core-4.14.7/lib/nanoc/core/binary_compiled_content_cache.rb:77:in 'block in Nanoc::Core::BinaryCompiledContentCache#[]='
  8. C:/Ruby34-x64/lib/ruby/gems/3.4.0/gems/nanoc-core-4.14.7/lib/nanoc/core/binary_compiled_content_cache.rb:60:in 'Hash#each'
  9. C:/Ruby34-x64/lib/ruby/gems/3.4.0/gems/nanoc-core-4.14.7/lib/nanoc/core/binary_compiled_content_cache.rb:60:in 'Nanoc::Core::BinaryCompiledContentCache#[]='
  10. C:/Ruby34-x64/lib/ruby/gems/3.4.0/gems/nanoc-core-4.14.7/lib/nanoc/core/compiled_content_cache.rb:51:in 'Nanoc::Core::CompiledContentCache#[]='
  11. C:/Ruby34-x64/lib/ruby/gems/3.4.0/gems/nanoc-core-4.14.7/lib/nanoc/core/compilation_stages/compile_reps.rb:90:in 'Nanoc::Core::CompilationStages::CompileReps#compile_rep'
  12. C:/Ruby34-x64/lib/ruby/gems/3.4.0/gems/nanoc-core-4.14.7/lib/nanoc/core/compilation_stages/compile_reps.rb:54:in 'block (2 levels) in Nanoc::Core::CompilationStages::CompileReps#run'
  13. C:/Ruby34-x64/lib/ruby/gems/3.4.0/gems/nanoc-core-4.14.7/lib/nanoc/core/compilation_stages/compile_reps.rb:73:in 'Nanoc::Core::CompilationStages::CompileReps#handle_errors_while'
  14. C:/Ruby34-x64/lib/ruby/gems/3.4.0/gems/nanoc-core-4.14.7/lib/nanoc/core/compilation_stages/compile_reps.rb:53:in 'block in Nanoc::Core::CompilationStages::CompileReps#run'
  15. C:/Ruby34-x64/lib/ruby/gems/3.4.0/gems/nanoc-core-4.14.7/lib/nanoc/core/item_rep_selector.rb:134:in 'block in Nanoc::Core::ItemRepSelector#each'
  16. <internal:kernel>:168:in 'Kernel#loop'
  17. C:/Ruby34-x64/lib/ruby/gems/3.4.0/gems/nanoc-core-4.14.7/lib/nanoc/core/item_rep_selector.rb:129:in 'Nanoc::Core::ItemRepSelector#each'
  18. C:/Ruby34-x64/lib/ruby/gems/3.4.0/gems/nanoc-core-4.14.7/lib/nanoc/core/compilation_stages/compile_reps.rb:52:in 'Nanoc::Core::CompilationStages::CompileReps#run'
  19. C:/Ruby34-x64/lib/ruby/gems/3.4.0/gems/nanoc-core-4.14.7/lib/nanoc/core/compilation_stage.rb:9:in 'block in Nanoc::Core::CompilationStage#call'
  20. C:/Ruby34-x64/lib/ruby/gems/3.4.0/gems/nanoc-core-4.14.7/lib/nanoc/core/instrumentor.rb:27:in 'Nanoc::Core::Instrumentor.call'
  21. C:/Ruby34-x64/lib/ruby/gems/3.4.0/gems/nanoc-core-4.14.7/lib/nanoc/core/compilation_stage.rb:8:in 'Nanoc::Core::CompilationStage#call'
  22. C:/Ruby34-x64/lib/ruby/gems/3.4.0/gems/nanoc-core-4.14.7/lib/nanoc/core/compiler.rb:98:in 'Nanoc::Core::Compiler#run_until_end'
  23. C:/Ruby34-x64/lib/ruby/gems/3.4.0/gems/nanoc-cli-4.14.7/lib/nanoc/cli/commands/compile.rb:48:in 'block in Nanoc::CLI::Commands::Compile#run_once'
  24. C:/Ruby34-x64/lib/ruby/gems/3.4.0/gems/nanoc-cli-4.14.7/lib/nanoc/cli/compile_listeners/abstract.rb:36:in 'Nanoc::CLI::CompileListeners::Abstract#run_while'
  25. C:/Ruby34-x64/lib/ruby/gems/3.4.0/gems/nanoc-cli-4.14.7/lib/nanoc/cli/commands/compile.rb:42:in 'Nanoc::CLI::Commands::Compile#run_once'
  26. C:/Ruby34-x64/lib/ruby/gems/3.4.0/gems/nanoc-cli-4.14.7/lib/nanoc/cli/commands/compile.rb:24:in 'Nanoc::CLI::Commands::Compile#run'
  27. C:/Ruby34-x64/lib/ruby/gems/3.4.0/gems/nanoc-cli-4.14.7/lib/nanoc/cli/command_runner.rb:15:in 'block in Nanoc::CLI::CommandRunner#call'
  28. C:/Ruby34-x64/lib/ruby/gems/3.4.0/gems/nanoc-cli-4.14.7/lib/nanoc/cli/error_handler.rb:57:in 'Nanoc::CLI::ErrorHandler#handle_while'
  29. C:/Ruby34-x64/lib/ruby/gems/3.4.0/gems/nanoc-cli-4.14.7/lib/nanoc/cli/error_handler.rb:15:in 'Nanoc::CLI::ErrorHandler.handle_while'
  30. C:/Ruby34-x64/lib/ruby/gems/3.4.0/gems/nanoc-cli-4.14.7/lib/nanoc/cli/command_runner.rb:14:in 'Nanoc::CLI::CommandRunner#call'
  31. C:/Ruby34-x64/lib/ruby/gems/3.4.0/gems/cri-2.15.12/lib/cri/command_dsl.rb:294:in 'block in Cri::CommandDSL#runner'
  32. C:/Ruby34-x64/lib/ruby/gems/3.4.0/gems/cri-2.15.12/lib/cri/command.rb:362:in 'Cri::Command#run_this'
  33. C:/Ruby34-x64/lib/ruby/gems/3.4.0/gems/cri-2.15.12/lib/cri/command.rb:298:in 'Cri::Command#run'
  34. C:/Ruby34-x64/lib/ruby/gems/3.4.0/gems/cri-2.15.12/lib/cri/command.rb:316:in 'Cri::Command#run'
  35. C:/Ruby34-x64/lib/ruby/gems/3.4.0/gems/nanoc-cli-4.14.7/lib/nanoc/cli.rb:89:in 'block in Nanoc::CLI.run'
  36. C:/Ruby34-x64/lib/ruby/gems/3.4.0/gems/nanoc-cli-4.14.7/lib/nanoc/cli/error_handler.rb:57:in 'Nanoc::CLI::ErrorHandler#handle_while'
  37. C:/Ruby34-x64/lib/ruby/gems/3.4.0/gems/nanoc-cli-4.14.7/lib/nanoc/cli/error_handler.rb:15:in 'Nanoc::CLI::ErrorHandler.handle_while'
  38. C:/Ruby34-x64/lib/ruby/gems/3.4.0/gems/nanoc-cli-4.14.7/lib/nanoc/cli.rb:87:in 'Nanoc::CLI.run'
  39. C:/Ruby34-x64/lib/ruby/gems/3.4.0/gems/nanoc-4.14.7/bin/nanoc:12:in '<top (required)>'
  40. C:/Users/mbailey1/OneDrive - Department for Education/local-top-level/education-provider-registry-docs/docs-site/vendor/bundle/ruby/3.4.0/bin/nanoc:25:in 'Kernel#load'

===== VERSION INFORMATION:

Nanoc 4.14.7 © 2007–… Denis Defreyne.
Running ruby 3.4.9 (2026-03-11) on x64-mingw-ucrt with RubyGems 3.6.9.

===== INSTALLED GEMS:

  abbrev 0.1.2
  activesupport 8.1.3
  addressable 2.9.0
  adsf 1.5.3
  base64 0.2.0, 0.3.0
  bcp47_spec 0.2.1
  benchmark 0.4.0
  bigdecimal 3.1.8, 4.1.1
  bundler 2.6.9
  cgi 0.4.2
  coderay 1.1.3
  concurrent-ruby 1.3.6
  connection_pool 3.0.2
  cri 2.15.12
  csv 3.3.2
  date 3.4.1
  ddmetrics 1.1.0
  ddplugin 1.0.3
  debug 1.11.0
  delegate 0.4.0
  did_you_mean 2.0.0
  diff-lcs 1.6.2
  digest 3.2.0
  drb 2.2.1, 2.2.3
  ebnf 2.6.0
  english 0.8.0
  erb 4.0.4
  error_highlight 0.7.0
  etc 1.4.6
  fcntl 1.2.0
  fiddle 1.1.6
  fileutils 1.7.3
  find 0.2.0
  forwardable 1.3.3
  getoptlong 0.2.1
  govuk_markdown 2.0.4
  htmlentities 4.4.2
  i18n 1.14.8
  immutable-ruby 0.2.0
  io-console 0.8.1, 0.8.2
  io-nonblock 0.3.2
  io-wait 0.3.2
  ipaddr 1.2.7
  irb 1.14.3
  json 2.9.1, 2.19.3
  json_schema 0.21.0
  link_header 0.0.8
  logger 1.6.4, 1.7.0
  matrix 0.4.2
  memo_wise 1.13.0
  method_source 1.1.0
  minitest 5.25.4, 6.0.4
  mutex_m 0.3.0
  nanoc 4.14.7
  nanoc-checking 1.0.6
  nanoc-cli 4.14.7
  nanoc-core 4.14.7
  nanoc-deploying 1.0.3
  net-ftp 0.3.8
  net-http 0.6.0
  net-imap 0.5.8
  net-pop 0.1.2
  net-protocol 0.2.2
  net-smtp 0.5.1
  nkf 0.2.0
  observer 0.1.2
  open-uri 0.5.0
  open3 0.2.1
  openssl 3.3.1
  optparse 0.6.0
  ostruct 0.6.1
  parallel 1.28.0
  pastel 0.8.0
  pathname 0.4.0
  power_assert 2.0.5
  pp 0.6.2
  prettyprint 0.2.0
  prime 0.1.3
  prism 1.5.2, 1.9.0
  pry 0.16.0
  pstore 0.1.4
  psych 5.2.2
  public_suffix 7.0.5
  racc 1.8.1
  rack 3.2.6
  rackup 2.3.1
  rake 13.2.1
  rbs 3.8.0
  rbtree 0.4.6
  rdf 3.3.4
  rdf-turtle 3.3.1
  rdoc 6.14.0
  readline 0.0.4
  redcarpet 3.6.1
  reline 0.6.0, 0.6.3
  repl_type_completor 0.1.9
  resolv 0.6.2
  resolv-replace 0.1.1
  rexml 3.4.4
  rinda 0.2.0
  rss 0.3.1
  ruby2_keywords 0.0.5
  scanf 1.0.0
  securerandom 0.4.1, 0.4.1
  set 1.1.1
  shellwords 0.2.2
  singleton 0.3.0
  slow_enumerator_tools 1.1.0
  sorted_set 1.1.0
  stringio 3.1.2
  strscan 3.1.2
  sxp 2.0.0
  syntax_suggest 2.0.2
  tempfile 0.3.1
  test-unit 3.6.7
  time 0.4.1
  timeout 0.4.3
  tmpdir 0.3.1
  tsort 0.2.0
  tty-color 0.6.0
  tty-command 0.10.1
  tty-platform 0.3.0
  tty-which 0.5.0
  typeprof 0.30.1
  tzinfo 2.0.6
  un 0.3.0
  unicode-types 1.11.0
  uri 1.0.4, 1.1.1
  weakref 0.1.3
  webrick 1.9.2
  win32-registry 0.1.0
  win32ole 1.9.1
  yaml 0.4.0
  zeitwerk 2.7.5
  zlib 3.2.3

===== GEMFILE.LOCK:

GEM
  remote: https://rubygems.org/
  specs:
    activesupport (8.1.3)
      base64
      bigdecimal
      concurrent-ruby (~> 1.0, >= 1.3.1)
      connection_pool (>= 2.2.5)
      drb
      i18n (>= 1.6, < 2)
      json
      logger (>= 1.4.2)
      minitest (>= 5.1)
      securerandom (>= 0.3)
      tzinfo (~> 2.0, >= 2.0.5)
      uri (>= 0.13.1)
    addressable (2.9.0)
      public_suffix (>= 2.0.2, < 8.0)
    base64 (0.3.0)
    bigdecimal (4.1.1)
    coderay (1.1.3)
    concurrent-ruby (1.3.6)
    connection_pool (3.0.2)
    cri (2.15.12)
    ddmetrics (1.1.0)
    ddplugin (1.0.3)
    diff-lcs (1.6.2)
    drb (2.2.3)
    govuk_markdown (2.0.4)
      activesupport
      redcarpet
    i18n (1.14.8)
      concurrent-ruby (~> 1.0)
    immutable-ruby (0.2.0)
      concurrent-ruby (~> 1.1)
      sorted_set (~> 1.0)
    io-console (0.8.2)
    json (2.19.3)
    json_schema (0.21.0)
    logger (1.7.0)
    memo_wise (1.13.0)
    method_source (1.1.0)
    minitest (6.0.4)
      drb (~> 2.0)
      prism (~> 1.5)
    nanoc (4.14.7)
      addressable (~> 2.5)
      nanoc-checking (~> 1.0, >= 1.0.2)
      nanoc-cli (= 4.14.7)
      nanoc-core (= 4.14.7)
      nanoc-deploying (~> 1.0)
      parallel (~> 1.12)
      tty-command (~> 0.8)
      tty-which (~> 0.4)
    nanoc-checking (1.0.6)
      nanoc-cli (~> 4.12, >= 4.12.5)
      nanoc-core (~> 4.12, >= 4.12.5)
    nanoc-cli (4.14.7)
      cri (~> 2.15)
      diff-lcs (~> 1.3)
      logger (~> 1.6)
      nanoc-core (= 4.14.7)
      pry
      zeitwerk (~> 2.1)
    nanoc-core (4.14.7)
      base64 (~> 0.2)
      concurrent-ruby (~> 1.1)
      ddmetrics (~> 1.0)
      ddplugin (~> 1.0)
      immutable-ruby (~> 0.1)
      json_schema (~> 0.19)
      memo_wise (~> 1.5)
      slow_enumerator_tools (~> 1.0)
      tty-platform (~> 0.2)
      zeitwerk (~> 2.1)
    nanoc-deploying (1.0.3)
      nanoc-checking (~> 1.0)
      nanoc-cli (~> 4.11, >= 4.11.15)
      nanoc-core (~> 4.11, >= 4.11.15)
    parallel (1.28.0)
    pastel (0.8.0)
      tty-color (~> 0.5)
    prism (1.9.0)
    pry (0.16.0)
      coderay (~> 1.1)
      method_source (~> 1.0)
      reline (>= 0.6.0)
    public_suffix (7.0.5)
    rbtree (0.4.6)
    redcarpet (3.6.1)
    reline (0.6.3)
      io-console (~> 0.5)
    securerandom (0.4.1)
    slow_enumerator_tools (1.1.0)
    sorted_set (1.1.0)
      rbtree
    tty-color (0.6.0)
    tty-command (0.10.1)
      pastel (~> 0.8)
    tty-platform (0.3.0)
    tty-which (0.5.0)
    tzinfo (2.0.6)
      concurrent-ruby (~> 1.0)
    uri (1.1.1)
    webrick (1.9.2)
    zeitwerk (2.7.5)

PLATFORMS
  ruby
  x64-mingw-ucrt
  x86_64-linux

DEPENDENCIES
  govuk_markdown
  nanoc (~> 4.14)
  webrick (~> 1.9)

BUNDLED WITH
   2.6.9

===== LOAD PATHS:

  0. C:/Ruby34-x64/lib/ruby/gems/3.4.0/gems/public_suffix-7.0.5/lib
  1. C:/Ruby34-x64/lib/ruby/gems/3.4.0/gems/addressable-2.9.0/lib
  2. C:/Ruby34-x64/lib/ruby/gems/3.4.0/gems/cri-2.15.12/lib
  3. C:/Ruby34-x64/lib/ruby/gems/3.4.0/gems/diff-lcs-1.6.2/lib
  4. C:/Ruby34-x64/lib/ruby/gems/3.4.0/gems/concurrent-ruby-1.3.6/lib/concurrent-ruby
  5. C:/Ruby34-x64/lib/ruby/gems/3.4.0/gems/ddmetrics-1.1.0/lib
  6. C:/Ruby34-x64/lib/ruby/gems/3.4.0/gems/ddplugin-1.0.3/lib
  7. C:/Ruby34-x64/lib/ruby/gems/3.4.0/gems/rbtree-0.4.6/lib
  8. C:/Ruby34-x64/lib/ruby/gems/3.4.0/extensions/x64-mingw-ucrt/3.4.0/rbtree-0.4.6
  9. C:/Ruby34-x64/lib/ruby/gems/3.4.0/gems/sorted_set-1.1.0/lib
  10. C:/Ruby34-x64/lib/ruby/gems/3.4.0/gems/immutable-ruby-0.2.0/lib
  11. C:/Ruby34-x64/lib/ruby/gems/3.4.0/gems/json_schema-0.21.0/lib
  12. C:/Ruby34-x64/lib/ruby/gems/3.4.0/gems/memo_wise-1.13.0/lib
  13. C:/Ruby34-x64/lib/ruby/gems/3.4.0/gems/slow_enumerator_tools-1.1.0/lib
  14. C:/Ruby34-x64/lib/ruby/gems/3.4.0/gems/tty-platform-0.3.0/lib
  15. C:/Ruby34-x64/lib/ruby/gems/3.4.0/gems/zeitwerk-2.7.5/lib
  16. C:/Ruby34-x64/lib/ruby/gems/3.4.0/gems/nanoc-core-4.14.7/lib
  17. C:/Ruby34-x64/lib/ruby/gems/3.4.0/gems/coderay-1.1.3/lib
  18. C:/Ruby34-x64/lib/ruby/gems/3.4.0/gems/method_source-1.1.0/lib
  19. C:/Ruby34-x64/lib/ruby/gems/3.4.0/gems/pry-0.16.0/lib
  20. C:/Ruby34-x64/lib/ruby/gems/3.4.0/gems/nanoc-cli-4.14.7/lib
  21. C:/Ruby34-x64/lib/ruby/gems/3.4.0/gems/nanoc-checking-1.0.6/lib
  22. C:/Ruby34-x64/lib/ruby/gems/3.4.0/gems/nanoc-deploying-1.0.3/lib
  23. C:/Ruby34-x64/lib/ruby/gems/3.4.0/gems/parallel-1.28.0/lib
  24. C:/Ruby34-x64/lib/ruby/gems/3.4.0/gems/tty-color-0.6.0/lib
  25. C:/Ruby34-x64/lib/ruby/gems/3.4.0/gems/pastel-0.8.0/lib
  26. C:/Ruby34-x64/lib/ruby/gems/3.4.0/gems/tty-command-0.10.1/lib
  27. C:/Ruby34-x64/lib/ruby/gems/3.4.0/gems/tty-which-0.5.0/lib
  28. C:/Ruby34-x64/lib/ruby/gems/3.4.0/gems/nanoc-4.14.7/lib
  29. C:/Ruby34-x64/lib/ruby/gems/3.4.0/gems/logger-1.7.0/lib
  30. C:/Ruby34-x64/lib/ruby/gems/3.4.0/gems/base64-0.3.0/lib
  31. C:/Ruby34-x64/lib/ruby/gems/3.4.0/gems/io-console-0.8.2/lib
  32. C:/Ruby34-x64/lib/ruby/gems/3.4.0/extensions/x64-mingw-ucrt/3.4.0/io-console-0.8.2
  33. C:/Ruby34-x64/lib/ruby/gems/3.4.0/gems/reline-0.6.3/lib
  34. C:/Ruby34-x64/lib/ruby/gems/3.4.0/gems/json-2.19.3/lib
  35. C:/Ruby34-x64/lib/ruby/gems/3.4.0/extensions/x64-mingw-ucrt/3.4.0/json-2.19.3
  36. C:/Ruby34-x64/lib/ruby/gems/3.4.0/gems/uri-1.1.1/lib
  37. C:/Ruby34-x64/lib/ruby/gems/3.4.0/gems/securerandom-0.4.1/lib
  38. C:/Ruby34-x64/lib/ruby/gems/3.4.0/gems/i18n-1.14.8/lib
  39. C:/Ruby34-x64/lib/ruby/gems/3.4.0/gems/tzinfo-2.0.6/lib
  40. C:/Ruby34-x64/lib/ruby/gems/3.4.0/gems/connection_pool-3.0.2/lib
  41. C:/Ruby34-x64/lib/ruby/gems/3.4.0/gems/activesupport-8.1.3/lib
  42. C:/Ruby34-x64/lib/ruby/gems/3.4.0/gems/redcarpet-3.6.1/lib
  43. C:/Ruby34-x64/lib/ruby/gems/3.4.0/extensions/x64-mingw-ucrt/3.4.0/redcarpet-3.6.1
  44. C:/Ruby34-x64/lib/ruby/gems/3.4.0/gems/govuk_markdown-2.0.4/lib
  45. C:/Ruby34-x64/lib/ruby/gems/3.4.0/gems/bigdecimal-4.1.1/lib
  46. C:/Ruby34-x64/lib/ruby/gems/3.4.0/extensions/x64-mingw-ucrt/3.4.0/bigdecimal-4.1.1
  47. C:/Ruby34-x64/lib/ruby/site_ruby/3.4.0
  48. C:/Ruby34-x64/lib/ruby/site_ruby/3.4.0/x64-ucrt
  49. C:/Ruby34-x64/lib/ruby/site_ruby
  50. C:/Ruby34-x64/lib/ruby/vendor_ruby/3.4.0
  51. C:/Ruby34-x64/lib/ruby/vendor_ruby/3.4.0/x64-ucrt
  52. C:/Ruby34-x64/lib/ruby/vendor_ruby
  53. C:/Ruby34-x64/lib/ruby/3.4.0
  54. C:/Ruby34-x64/lib/ruby/3.4.0/x64-mingw-ucrt
